// Jest Snapshot v1, https://goo.gl/fbAQLP

exports[`Header renders correctly 1`] = `
<header
  className="sc-pNWxx kvGOXX"
>
  <div
    className="sc-fujyUd dtqLNt"
  >
    <a
      href="/"
      hrefLang="en"
      onClick={[Function]}
      title="Nyxo"
    >
      Nyxo
    </a>
  </div>
  <ul
    className="sc-jrsJCI bPTiSc"
  >
    <li
      className="sc-kEqYlL kLSQsM"
    >
      <a
        className="sc-iqAbSa eZMXov"
        href="/for-you"
        hrefLang="en"
        onClick={[Function]}
      >
        NAVIGATION.YOU
      </a>
    </li>
    <li
      className="sc-kEqYlL kLSQsM"
    >
      <a
        className="sc-iqAbSa eZMXov"
        href="/for-organizations"
        hrefLang="en"
        onClick={[Function]}
      >
        NAVIGATION.ORGANIZATIONS
      </a>
    </li>
    <li
      className="sc-kEqYlL kLSQsM"
    >
      <a
        className="sc-iqAbSa eZMXov"
        href="/coaching"
        hrefLang="en"
        onClick={[Function]}
      >
        NAVIGATION.COACHING
      </a>
    </li>
    <li
      className="sc-kEqYlL kLSQsM"
    >
      <a
        className="sc-iqAbSa eZMXov"
        href="/blog"
        hrefLang="en"
        onClick={[Function]}
      >
        NAVIGATION.BLOG
      </a>
    </li>
    <li
      className="sc-kEqYlL kLSQsM"
    >
      <a
        className="sc-crzoUp ixhFOp"
        href="/me/login"
      >
        NAVIGATION.LOGIN
      </a>
    </li>
    <li
      className="sc-kEqYlL kLSQsM"
    >
      <a
        className="sc-iqAbSa eZMXov"
        href="/fi/"
        hrefLang="fi"
        onClick={[Function]}
      >
        fi
      </a>
    </li>
  </ul>
</header>
`;
