// Jest Snapshot v1, https://goo.gl/fbAQLP

exports[`Lesson Limited renders correctly 1`] = `
Array [
  <div
    className="sc-bdnylx geYECJ"
  />,
  <div
    className="sc-gtssRu jOMRNv"
  >
    <h2>
      To keep reading this Lesson, create a free account.
    </h2>
    <button
      className="sc-dlnjPT jaIWrT"
    >
      <a
        className="sc-hKFyIo kVjuSm"
        href="/me/register"
      >
        Register with Nyxo
      </a>
    </button>
    <p>
      Already have an account? 
      <a
        href="/me/login"
      >
        Login
      </a>
      .
    </p>
  </div>,
]
`;
