// Jest Snapshot v1, https://goo.gl/fbAQLP

exports[`Page header renders correctly 1`] = `
<div
  className="sc-bdnylx iuJNkc"
>
  <div
    className="sc-dlnjPT dIrEID"
  />
  <div
    className="sc-gtssRu cDmbcK"
  >
    <h1
      className="sc-eCApGN hGZayi"
    >
      A title
    </h1>
    <p
      className="sc-jSFkmK iZfYOv"
    >
      Lorem ipsum
    </p>
  </div>
</div>
`;
